/NHNHOME/WORKSPACE/0526040099_A/giyong/miniconda3/envs/pdbev-b200/lib/python3.10/site-packages/mmcv/__init__.py:20: UserWarning: On January 1, 2023, MMCV will release v2.0.0, in which it will remove components related to the training process and add a data transformation module. In addition, it will rename the package names mmcv to mmcv-lite and mmcv-full to mmcv. See https://github.com/open-mmlab/mmcv/blob/master/docs/en/compatibility.md for more details.
  warnings.warn(
/NHNHOME/WORKSPACE/0526040099_A/giyong/miniconda3/envs/pdbev-b200/lib/python3.10/site-packages/timm/models/layers/__init__.py:49: FutureWarning: Importing from timm.models.layers is deprecated, please import via timm.layers
  warnings.warn(f"Importing from {__name__} is deprecated, please import via timm.layers", FutureWarning)
/NHNHOME/WORKSPACE/0526040099_A/giyong/miniconda3/envs/pdbev-b200/lib/python3.10/site-packages/timm/models/registry.py:4: FutureWarning: Importing from timm.models.registry is deprecated, please import via timm.models
  warnings.warn(f"Importing from {__name__} is deprecated, please import via timm.models", FutureWarning)
/home/hanyan_arch/viewpoint/BEVFormer/Generalizable-BEV/mmdet3d/models/necks/view_transformer.py:579: FutureWarning: `torch.cuda.amp.autocast(args...)` is deprecated. Please use `torch.amp.autocast('cuda', args...)` instead.
  @autocast(False)
/NHNHOME/WORKSPACE/0526040099_A/giyong/miniconda3/envs/pdbev-b200/lib/python3.10/site-packages/mmdet/models/backbones/resnet.py:401: UserWarning: DeprecationWarning: pretrained is deprecated, please use "init_cfg" instead
  warnings.warn('DeprecationWarning: pretrained is deprecated, '
/NHNHOME/WORKSPACE/0526040099_A/giyong/miniconda3/envs/pdbev-b200/lib/python3.10/site-packages/mmcv/runner/checkpoint.py:334: UserWarning: Environment variable TORCH_FORCE_NO_WEIGHTS_ONLY_LOAD detected, since the`weights_only` argument was not explicitly passed to `torch.load`, forcing weights_only=False.
  checkpoint = torch.load(filename, map_location=map_location)
load checkpoint from local path: /home/hanyan_arch/viewpoint/BEVFormer/Generalizable-BEV/work_dirs/pdbev-r50-cbgs-CARLA-dg-sedan384/epoch_24.pth
The model and loaded state dict do not match exactly

unexpected key in source state_dict: img_aux.layers.0.0.conv1.weight, img_aux.layers.0.0.bn1.weight, img_aux.layers.0.0.bn1.bias, img_aux.layers.0.0.bn1.running_mean, img_aux.layers.0.0.bn1.running_var, img_aux.layers.0.0.bn1.num_batches_tracked, img_aux.layers.0.0.conv2.weight, img_aux.layers.0.0.bn2.weight, img_aux.layers.0.0.bn2.bias, img_aux.layers.0.0.bn2.running_mean, img_aux.layers.0.0.bn2.running_var, img_aux.layers.0.0.bn2.num_batches_tracked, img_aux.layers.0.0.downsample.weight, img_aux.layers.0.0.downsample.bias, img_aux.layers.0.1.weight, img_aux.layers.0.1.bias, img_aux.layers.0.2.weight, img_aux.layers.0.2.bias, img_aux.layers.0.2.running_mean, img_aux.layers.0.2.running_var, img_aux.layers.0.2.num_batches_tracked, img_aux.layers.0.4.conv1.weight, img_aux.layers.0.4.bn1.weight, img_aux.layers.0.4.bn1.bias, img_aux.layers.0.4.bn1.running_mean, img_aux.layers.0.4.bn1.running_var, img_aux.layers.0.4.bn1.num_batches_tracked, img_aux.layers.0.4.conv2.weight, img_aux.layers.0.4.bn2.weight, img_aux.layers.0.4.bn2.bias, img_aux.layers.0.4.bn2.running_mean, img_aux.layers.0.4.bn2.running_var, img_aux.layers.0.4.bn2.num_batches_tracked, img_aux.layers.1.0.conv1.weight, img_aux.layers.1.0.bn1.weight, img_aux.layers.1.0.bn1.bias, img_aux.layers.1.0.bn1.running_mean, img_aux.layers.1.0.bn1.running_var, img_aux.layers.1.0.bn1.num_batches_tracked, img_aux.layers.1.0.conv2.weight, img_aux.layers.1.0.bn2.weight, img_aux.layers.1.0.bn2.bias, img_aux.layers.1.0.bn2.running_mean, img_aux.layers.1.0.bn2.running_var, img_aux.layers.1.0.bn2.num_batches_tracked, img_aux.layers.1.0.downsample.weight, img_aux.layers.1.0.downsample.bias, img_aux.layers.1.1.weight, img_aux.layers.1.1.bias, img_aux.layers.1.2.weight, img_aux.layers.1.2.bias, img_aux.layers.1.2.running_mean, img_aux.layers.1.2.running_var, img_aux.layers.1.2.num_batches_tracked, img_aux.layers.1.4.conv1.weight, img_aux.layers.1.4.bn1.weight, img_aux.layers.1.4.bn1.bias, img_aux.layers.1.4.bn1.running_mean, img_aux.layers.1.4.bn1.running_var, img_aux.layers.1.4.bn1.num_batches_tracked, img_aux.layers.1.4.conv2.weight, img_aux.layers.1.4.bn2.weight, img_aux.layers.1.4.bn2.bias, img_aux.layers.1.4.bn2.running_mean, img_aux.layers.1.4.bn2.running_var, img_aux.layers.1.4.bn2.num_batches_tracked, img_aux.layers.2.0.conv1.weight, img_aux.layers.2.0.bn1.weight, img_aux.layers.2.0.bn1.bias, img_aux.layers.2.0.bn1.running_mean, img_aux.layers.2.0.bn1.running_var, img_aux.layers.2.0.bn1.num_batches_tracked, img_aux.layers.2.0.conv2.weight, img_aux.layers.2.0.bn2.weight, img_aux.layers.2.0.bn2.bias, img_aux.layers.2.0.bn2.running_mean, img_aux.layers.2.0.bn2.running_var, img_aux.layers.2.0.bn2.num_batches_tracked, img_aux.layers.2.0.downsample.weight, img_aux.layers.2.0.downsample.bias, img_aux.layers.2.1.weight, img_aux.layers.2.1.bias, img_aux.layers.2.2.weight, img_aux.layers.2.2.bias, img_aux.layers.2.2.running_mean, img_aux.layers.2.2.running_var, img_aux.layers.2.2.num_batches_tracked, img_aux.layers.2.4.conv1.weight, img_aux.layers.2.4.bn1.weight, img_aux.layers.2.4.bn1.bias, img_aux.layers.2.4.bn1.running_mean, img_aux.layers.2.4.bn1.running_var, img_aux.layers.2.4.bn1.num_batches_tracked, img_aux.layers.2.4.conv2.weight, img_aux.layers.2.4.bn2.weight, img_aux.layers.2.4.bn2.bias, img_aux.layers.2.4.bn2.running_mean, img_aux.layers.2.4.bn2.running_var, img_aux.layers.2.4.bn2.num_batches_tracked, bev_img_aux.bn.weight, bev_img_aux.bn.bias, bev_img_aux.bn.running_mean, bev_img_aux.bn.running_var, bev_img_aux.bn.num_batches_tracked, bev_img_aux.Pos_mlp.fc1.weight, bev_img_aux.Pos_mlp.fc1.bias, bev_img_aux.Pos_mlp.fc2.weight, bev_img_aux.Pos_mlp.fc2.bias, bev_img_aux.Pos_se.conv_reduce.weight, bev_img_aux.Pos_se.conv_reduce.bias, bev_img_aux.Pos_se.conv_expand.weight, bev_img_aux.Pos_se.conv_expand.bias, bev_img_aux.layers.0.0.conv1.weight, bev_img_aux.layers.0.0.bn1.weight, bev_img_aux.layers.0.0.bn1.bias, bev_img_aux.layers.0.0.bn1.running_mean, bev_img_aux.layers.0.0.bn1.running_var, bev_img_aux.layers.0.0.bn1.num_batches_tracked, bev_img_aux.layers.0.0.conv2.weight, bev_img_aux.layers.0.0.bn2.weight, bev_img_aux.layers.0.0.bn2.bias, bev_img_aux.layers.0.0.bn2.running_mean, bev_img_aux.layers.0.0.bn2.running_var, bev_img_aux.layers.0.0.bn2.num_batches_tracked, bev_img_aux.layers.0.0.downsample.weight, bev_img_aux.layers.0.0.downsample.bias, bev_img_aux.layers.0.1.weight, bev_img_aux.layers.0.1.bias, bev_img_aux.layers.0.2.weight, bev_img_aux.layers.0.2.bias, bev_img_aux.layers.0.2.running_mean, bev_img_aux.layers.0.2.running_var, bev_img_aux.layers.0.2.num_batches_tracked, bev_img_aux.layers.0.4.conv1.weight, bev_img_aux.layers.0.4.bn1.weight, bev_img_aux.layers.0.4.bn1.bias, bev_img_aux.layers.0.4.bn1.running_mean, bev_img_aux.layers.0.4.bn1.running_var, bev_img_aux.layers.0.4.bn1.num_batches_tracked, bev_img_aux.layers.0.4.conv2.weight, bev_img_aux.layers.0.4.bn2.weight, bev_img_aux.layers.0.4.bn2.bias, bev_img_aux.layers.0.4.bn2.running_mean, bev_img_aux.layers.0.4.bn2.running_var, bev_img_aux.layers.0.4.bn2.num_batches_tracked, bev_img_aux.layers.1.0.conv1.weight, bev_img_aux.layers.1.0.bn1.weight, bev_img_aux.layers.1.0.bn1.bias, bev_img_aux.layers.1.0.bn1.running_mean, bev_img_aux.layers.1.0.bn1.running_var, bev_img_aux.layers.1.0.bn1.num_batches_tracked, bev_img_aux.layers.1.0.conv2.weight, bev_img_aux.layers.1.0.bn2.weight, bev_img_aux.layers.1.0.bn2.bias, bev_img_aux.layers.1.0.bn2.running_mean, bev_img_aux.layers.1.0.bn2.running_var, bev_img_aux.layers.1.0.bn2.num_batches_tracked, bev_img_aux.layers.1.0.downsample.weight, bev_img_aux.layers.1.0.downsample.bias, bev_img_aux.layers.1.1.weight, bev_img_aux.layers.1.1.bias, bev_img_aux.layers.1.2.weight, bev_img_aux.layers.1.2.bias, bev_img_aux.layers.1.2.running_mean, bev_img_aux.layers.1.2.running_var, bev_img_aux.layers.1.2.num_batches_tracked, bev_img_aux.layers.2.0.conv1.weight, bev_img_aux.layers.2.0.bn1.weight, bev_img_aux.layers.2.0.bn1.bias, bev_img_aux.layers.2.0.bn1.running_mean, bev_img_aux.layers.2.0.bn1.running_var, bev_img_aux.layers.2.0.bn1.num_batches_tracked, bev_img_aux.layers.2.0.conv2.weight, bev_img_aux.layers.2.0.bn2.weight, bev_img_aux.layers.2.0.bn2.bias, bev_img_aux.layers.2.0.bn2.running_mean, bev_img_aux.layers.2.0.bn2.running_var, bev_img_aux.layers.2.0.bn2.num_batches_tracked, bev_img_aux.layers.2.0.downsample.weight, bev_img_aux.layers.2.0.downsample.bias, bev_img_aux.layers.2.1.weight, bev_img_aux.layers.2.1.bias, bev_img_aux.layers.2.2.weight, bev_img_aux.layers.2.2.bias, bev_img_aux.layers.2.2.running_mean, bev_img_aux.layers.2.2.running_var, bev_img_aux.layers.2.2.num_batches_tracked, img_view_transformer.BEV_aux.BEV_features.0.0.conv1.weight, img_view_transformer.BEV_aux.BEV_features.0.0.bn1.weight, img_view_transformer.BEV_aux.BEV_features.0.0.bn1.bias, img_view_transformer.BEV_aux.BEV_features.0.0.bn1.running_mean, img_view_transformer.BEV_aux.BEV_features.0.0.bn1.running_var, img_view_transformer.BEV_aux.BEV_features.0.0.bn1.num_batches_tracked, img_view_transformer.BEV_aux.BEV_features.0.0.conv2.weight, img_view_transformer.BEV_aux.BEV_features.0.0.bn2.weight, img_view_transformer.BEV_aux.BEV_features.0.0.bn2.bias, img_view_transformer.BEV_aux.BEV_features.0.0.bn2.running_mean, img_view_transformer.BEV_aux.BEV_features.0.0.bn2.running_var, img_view_transformer.BEV_aux.BEV_features.0.0.bn2.num_batches_tracked, img_view_transformer.BEV_aux.BEV_features.0.0.downsample.weight, img_view_transformer.BEV_aux.BEV_features.0.0.downsample.bias, img_view_transformer.BEV_aux.BEV_features.0.1.conv1.weight, img_view_transformer.BEV_aux.BEV_features.0.1.bn1.weight, img_view_transformer.BEV_aux.BEV_features.0.1.bn1.bias, img_view_transformer.BEV_aux.BEV_features.0.1.bn1.running_mean, img_view_transformer.BEV_aux.BEV_features.0.1.bn1.running_var, img_view_transformer.BEV_aux.BEV_features.0.1.bn1.num_batches_tracked, img_view_transformer.BEV_aux.BEV_features.0.1.conv2.weight, img_view_transformer.BEV_aux.BEV_features.0.1.bn2.weight, img_view_transformer.BEV_aux.BEV_features.0.1.bn2.bias, img_view_transformer.BEV_aux.BEV_features.0.1.bn2.running_mean, img_view_transformer.BEV_aux.BEV_features.0.1.bn2.running_var, img_view_transformer.BEV_aux.BEV_features.0.1.bn2.num_batches_tracked, img_view_transformer.BEV_aux.BEV_features.1.0.conv1.weight, img_view_transformer.BEV_aux.BEV_features.1.0.bn1.weight, img_view_transformer.BEV_aux.BEV_features.1.0.bn1.bias, img_view_transformer.BEV_aux.BEV_features.1.0.bn1.running_mean, img_view_transformer.BEV_aux.BEV_features.1.0.bn1.running_var, img_view_transformer.BEV_aux.BEV_features.1.0.bn1.num_batches_tracked, img_view_transformer.BEV_aux.BEV_features.1.0.conv2.weight, img_view_transformer.BEV_aux.BEV_features.1.0.bn2.weight, img_view_transformer.BEV_aux.BEV_features.1.0.bn2.bias, img_view_transformer.BEV_aux.BEV_features.1.0.bn2.running_mean, img_view_transformer.BEV_aux.BEV_features.1.0.bn2.running_var, img_view_transformer.BEV_aux.BEV_features.1.0.bn2.num_batches_tracked, img_view_transformer.BEV_aux.BEV_features.1.0.downsample.weight, img_view_transformer.BEV_aux.BEV_features.1.0.downsample.bias, img_view_transformer.BEV_aux.BEV_features.1.1.conv1.weight, img_view_transformer.BEV_aux.BEV_features.1.1.bn1.weight, img_view_transformer.BEV_aux.BEV_features.1.1.bn1.bias, img_view_transformer.BEV_aux.BEV_features.1.1.bn1.running_mean, img_view_transformer.BEV_aux.BEV_features.1.1.bn1.running_var, img_view_transformer.BEV_aux.BEV_features.1.1.bn1.num_batches_tracked, img_view_transformer.BEV_aux.BEV_features.1.1.conv2.weight, img_view_transformer.BEV_aux.BEV_features.1.1.bn2.weight, img_view_transformer.BEV_aux.BEV_features.1.1.bn2.bias, img_view_transformer.BEV_aux.BEV_features.1.1.bn2.running_mean, img_view_transformer.BEV_aux.BEV_features.1.1.bn2.running_var, img_view_transformer.BEV_aux.BEV_features.1.1.bn2.num_batches_tracked, img_view_transformer.BEV_aux.BEV_features.2.0.conv1.weight, img_view_transformer.BEV_aux.BEV_features.2.0.bn1.weight, img_view_transformer.BEV_aux.BEV_features.2.0.bn1.bias, img_view_transformer.BEV_aux.BEV_features.2.0.bn1.running_mean, img_view_transformer.BEV_aux.BEV_features.2.0.bn1.running_var, img_view_transformer.BEV_aux.BEV_features.2.0.bn1.num_batches_tracked, img_view_transformer.BEV_aux.BEV_features.2.0.conv2.weight, img_view_transformer.BEV_aux.BEV_features.2.0.bn2.weight, img_view_transformer.BEV_aux.BEV_features.2.0.bn2.bias, img_view_transformer.BEV_aux.BEV_features.2.0.bn2.running_mean, img_view_transformer.BEV_aux.BEV_features.2.0.bn2.running_var, img_view_transformer.BEV_aux.BEV_features.2.0.bn2.num_batches_tracked, img_view_transformer.BEV_aux.BEV_features.2.0.downsample.weight, img_view_transformer.BEV_aux.BEV_features.2.0.downsample.bias, img_view_transformer.BEV_aux.BEV_features.2.1.conv1.weight, img_view_transformer.BEV_aux.BEV_features.2.1.bn1.weight, img_view_transformer.BEV_aux.BEV_features.2.1.bn1.bias, img_view_transformer.BEV_aux.BEV_features.2.1.bn1.running_mean, img_view_transformer.BEV_aux.BEV_features.2.1.bn1.running_var, img_view_transformer.BEV_aux.BEV_features.2.1.bn1.num_batches_tracked, img_view_transformer.BEV_aux.BEV_features.2.1.conv2.weight, img_view_transformer.BEV_aux.BEV_features.2.1.bn2.weight, img_view_transformer.BEV_aux.BEV_features.2.1.bn2.bias, img_view_transformer.BEV_aux.BEV_features.2.1.bn2.running_mean, img_view_transformer.BEV_aux.BEV_features.2.1.bn2.running_var, img_view_transformer.BEV_aux.BEV_features.2.1.bn2.num_batches_tracked

[VP-infer] model loaded | subset=3792 frames (fps=79) | batch=32 workers=6 | shard=0/2
/home/hanyan_arch/viewpoint/BEVFormer/Generalizable-BEV/mmdet3d/models/necks/view_transformer.py:210: UserWarning: torch.range is deprecated and will be removed in a future release because its behavior is inconsistent with Python's range builtin. Instead, use torch.arange, which produces values in [start, end).
  ranks_depth = torch.range(
/home/hanyan_arch/viewpoint/BEVFormer/Generalizable-BEV/mmdet3d/models/necks/view_transformer.py:212: UserWarning: torch.range is deprecated and will be removed in a future release because its behavior is inconsistent with Python's range builtin. Instead, use torch.arange, which produces values in [start, end).
  ranks_feat = torch.range(
/home/hanyan_arch/viewpoint/BEVFormer/Generalizable-BEV/mmdet3d/models/necks/view_transformer.py:220: UserWarning: torch.range is deprecated and will be removed in a future release because its behavior is inconsistent with Python's range builtin. Instead, use torch.arange, which produces values in [start, end).
  batch_idx = torch.range(0, B - 1).reshape(B, 1). \
/home/hanyan_arch/viewpoint/BEVFormer/Generalizable-BEV/mmdet3d/core/bbox/coders/centerpoint_bbox_coders.py:201: UserWarning: To copy construct from a tensor, it is recommended to use sourceTensor.detach().clone() or sourceTensor.detach().clone().requires_grad_(True), rather than torch.tensor(sourceTensor).
  self.post_center_range = torch.tensor(
[VP-infer 8/316] ER_yaw_-16_all                   3792 frames (685s)
[VP-infer 9/316] ER_yaw_-12_CAM_FRONT_RIGHT       3792 frames (676s)
[VP-infer 10/316] ER_yaw_-12_CAM_BACK              3792 frames (470s)
[VP-infer 11/316] ER_yaw_-12_CAM_BACK_RIGHT        3792 frames (672s)
[VP-infer 12/316] ER_yaw_-8_CAM_FRONT              3792 frames (674s)
[VP-infer 13/316] ER_yaw_-8_CAM_FRONT_LEFT         3792 frames (547s)
[VP-infer 14/316] ER_yaw_-8_CAM_BACK_LEFT          3792 frames (674s)
[VP-infer 15/316] ER_yaw_-8_all                    3792 frames (683s)
[VP-infer 16/316] ER_yaw_-4_CAM_FRONT_RIGHT        3792 frames (545s)
[VP-infer 17/316] ER_yaw_-4_CAM_BACK               3792 frames (669s)
[VP-infer 18/316] ER_yaw_-4_CAM_BACK_RIGHT         3792 frames (634s)
[VP-infer 19/316] ER_yaw_+4_CAM_FRONT              3792 frames (551s)
[VP-infer 20/316] ER_yaw_+4_CAM_FRONT_LEFT         3792 frames (665s)
[VP-infer 21/316] ER_yaw_+4_CAM_BACK_LEFT          3792 frames (671s)
[VP-infer 22/316] ER_yaw_+4_all                    3792 frames (555s)
[VP-infer 23/316] ER_yaw_+8_CAM_FRONT_RIGHT        3792 frames (670s)
[VP-infer 24/316] ER_yaw_+8_CAM_BACK               3792 frames (658s)
[VP-infer 25/316] ER_yaw_+8_CAM_BACK_RIGHT         3792 frames (549s)
[VP-infer 26/316] ER_yaw_+12_CAM_FRONT             3792 frames (679s)
[VP-infer 27/316] ER_yaw_+12_CAM_FRONT_LEFT        3792 frames (677s)
[VP-infer 28/316] ER_yaw_+12_CAM_BACK_LEFT         3792 frames (542s)
[VP-infer 29/316] ER_yaw_+12_all                   3792 frames (664s)
[VP-infer 30/316] ER_yaw_+16_CAM_FRONT_RIGHT       3792 frames (656s)
[VP-infer 31/316] ER_yaw_+16_CAM_BACK              3792 frames (561s)
[VP-infer 32/316] ER_yaw_+16_CAM_BACK_RIGHT        3792 frames (679s)
[VP-infer 33/316] ER_yaw_+20_CAM_FRONT             3792 frames (673s)
[VP-infer 34/316] ER_yaw_+20_CAM_FRONT_LEFT        3792 frames (550s)
[VP-infer 35/316] ER_yaw_+20_CAM_BACK_LEFT         3792 frames (684s)
[VP-infer 36/316] ER_yaw_+20_all                   3792 frames (669s)
[VP-infer 37/316] ER_pitch_-20_CAM_FRONT_RIGHT     3792 frames (580s)
[VP-infer 38/316] ER_pitch_-20_CAM_BACK            3792 frames (691s)
[VP-infer 39/316] ER_pitch_-20_CAM_BACK_RIGHT      3792 frames (703s)
[VP-infer 40/316] ER_pitch_-16_CAM_FRONT           3792 frames (591s)
[VP-infer 41/316] ER_pitch_-16_CAM_FRONT_LEFT      3792 frames (673s)
[VP-infer 42/316] ER_pitch_-16_CAM_BACK_LEFT       3792 frames (689s)
[VP-infer 43/316] ER_pitch_-16_all                 3792 frames (429s)
[VP-infer 44/316] ER_pitch_-12_CAM_FRONT_RIGHT     3792 frames (237s)
[VP-infer 45/316] ER_pitch_-12_CAM_BACK            3792 frames (244s)
[VP-infer 46/316] ER_pitch_-12_CAM_BACK_RIGHT      3792 frames (235s)
[VP-infer 47/316] ER_pitch_-8_CAM_FRONT            3792 frames (192s)
[VP-infer 48/316] ER_pitch_-8_CAM_FRONT_LEFT       3792 frames (169s)
[VP-infer 49/316] ER_pitch_-8_CAM_BACK_LEFT        3792 frames (235s)
[VP-infer 50/316] ER_pitch_-8_all                  3792 frames (243s)
[VP-infer 51/316] ER_pitch_-4_CAM_FRONT_RIGHT      3792 frames (225s)
[VP-infer 52/316] ER_pitch_-4_CAM_BACK             3792 frames (232s)
[VP-infer 53/316] ER_pitch_-4_CAM_BACK_RIGHT       3792 frames (214s)
[VP-infer 54/316] ER_pitch_+4_CAM_FRONT            3792 frames (147s)
[VP-infer 55/316] ER_pitch_+4_CAM_FRONT_LEFT       3792 frames (227s)
[VP-infer 56/316] ER_pitch_+4_CAM_BACK_LEFT        3792 frames (226s)
[VP-infer 57/316] ER_pitch_+4_all                  3792 frames (227s)
[VP-infer 58/316] ER_pitch_+8_CAM_FRONT_RIGHT      3792 frames (228s)
[VP-infer 59/316] ER_pitch_+8_CAM_BACK             3792 frames (227s)
[VP-infer 60/316] ER_pitch_+8_CAM_BACK_RIGHT       3792 frames (144s)
[VP-infer 61/316] ER_pitch_+12_CAM_FRONT           3792 frames (217s)
[VP-infer 62/316] ER_pitch_+12_CAM_FRONT_LEFT      3792 frames (223s)
[VP-infer 63/316] ER_pitch_+12_CAM_BACK_LEFT       3792 frames (224s)
[VP-infer 64/316] ER_pitch_+12_all                 3792 frames (198s)
[VP-infer 65/316] ER_pitch_+16_CAM_FRONT_RIGHT     3792 frames (230s)
[VP-infer 66/316] ER_pitch_+16_CAM_BACK            3792 frames (203s)
[VP-infer 67/316] ER_pitch_+16_CAM_BACK_RIGHT      3792 frames (162s)
[VP-infer 68/316] ER_pitch_+20_CAM_FRONT           3792 frames (223s)
[VP-infer 69/316] ER_pitch_+20_CAM_FRONT_LEFT      3792 frames (230s)
[VP-infer 70/316] ER_pitch_+20_CAM_BACK_LEFT       3792 frames (240s)
[VP-infer 71/316] ER_pitch_+20_all                 3792 frames (199s)
[VP-infer 72/316] ER_roll_-20_CAM_FRONT_RIGHT      3792 frames (225s)
[VP-infer 73/316] ER_roll_-20_CAM_BACK             3792 frames (142s)
[VP-infer 74/316] ER_roll_-20_CAM_BACK_RIGHT       3792 frames (240s)
[VP-infer 75/316] ER_roll_-16_CAM_FRONT            3792 frames (238s)
[VP-infer 76/316] ER_roll_-16_CAM_FRONT_LEFT       3792 frames (235s)
[VP-infer 77/316] ER_roll_-16_CAM_BACK_LEFT        3792 frames (229s)
[VP-infer 78/316] ER_roll_-16_all                  3792 frames (226s)
[VP-infer 79/316] ER_roll_-12_CAM_FRONT_RIGHT      3792 frames (164s)
[VP-infer 80/316] ER_roll_-12_CAM_BACK             3792 frames (234s)
[VP-infer 81/316] ER_roll_-12_CAM_BACK_RIGHT       3792 frames (238s)
[VP-infer 82/316] ER_roll_-8_CAM_FRONT             3792 frames (230s)
[VP-infer 83/316] ER_roll_-8_CAM_FRONT_LEFT        3792 frames (222s)
[VP-infer 84/316] ER_roll_-8_CAM_BACK_LEFT         3792 frames (221s)
[VP-infer 85/316] ER_roll_-8_all                   3792 frames (147s)
[VP-infer 86/316] ER_roll_-4_CAM_FRONT_RIGHT       3792 frames (227s)
[VP-infer 87/316] ER_roll_-4_CAM_BACK              3792 frames (226s)
[VP-infer 88/316] ER_roll_-4_CAM_BACK_RIGHT        3792 frames (224s)
[VP-infer 89/316] ER_roll_+4_CAM_FRONT             3792 frames (236s)
[VP-infer 90/316] ER_roll_+4_CAM_FRONT_LEFT        3792 frames (237s)
[VP-infer 91/316] ER_roll_+4_CAM_BACK_LEFT         3792 frames (151s)
[VP-infer 92/316] ER_roll_+4_all                   3792 frames (213s)
[VP-infer 93/316] ER_roll_+8_CAM_FRONT_RIGHT       3792 frames (227s)
[VP-infer 94/316] ER_roll_+8_CAM_BACK              3792 frames (229s)
[VP-infer 95/316] ER_roll_+8_CAM_BACK_RIGHT        3792 frames (231s)
[VP-infer 96/316] ER_roll_+12_CAM_FRONT            3792 frames (232s)
[VP-infer 97/316] ER_roll_+12_CAM_FRONT_LEFT       3792 frames (191s)
[VP-infer 98/316] ER_roll_+12_CAM_BACK_LEFT        3792 frames (179s)
[VP-infer 99/316] ER_roll_+12_all                  3792 frames (221s)
[VP-infer 100/316] ER_roll_+16_CAM_FRONT_RIGHT      3792 frames (227s)
[VP-infer 101/316] ER_roll_+16_CAM_BACK             3792 frames (567s)
[VP-infer 102/316] ER_roll_+16_CAM_BACK_RIGHT       3792 frames (670s)
[VP-infer 103/316] ER_roll_+20_CAM_FRONT            3792 frames (627s)
[VP-infer 104/316] ER_roll_+20_CAM_FRONT_LEFT       3792 frames (227s)
[VP-infer 105/316] ER_roll_+20_CAM_BACK_LEFT        3792 frames (153s)
[VP-infer 106/316] ER_roll_+20_all                  3792 frames (196s)
[VP-infer 107/316] VR_yaw_-20_CAM_FRONT_RIGHT       3792 frames (226s)
[VP-infer 108/316] VR_yaw_-20_CAM_BACK              3792 frames (218s)
[VP-infer 109/316] VR_yaw_-20_CAM_BACK_RIGHT        3792 frames (219s)
[VP-infer 110/316] VR_yaw_-16_CAM_FRONT             3792 frames (221s)
[VP-infer 111/316] VR_yaw_-16_CAM_FRONT_LEFT        3792 frames (216s)
[VP-infer 112/316] VR_yaw_-16_CAM_BACK_LEFT         3792 frames (161s)
[VP-infer 113/316] VR_yaw_-16_all                   3792 frames (225s)
[VP-infer 114/316] VR_yaw_-12_CAM_FRONT_RIGHT       3792 frames (225s)
[VP-infer 115/316] VR_yaw_-12_CAM_BACK              3792 frames (234s)
[VP-infer 116/316] VR_yaw_-12_CAM_BACK_RIGHT        3792 frames (237s)
[VP-infer 117/316] VR_yaw_-8_CAM_FRONT              3792 frames (222s)
[VP-infer 118/316] VR_yaw_-8_CAM_FRONT_LEFT         3792 frames (155s)
[VP-infer 119/316] VR_yaw_-8_CAM_BACK_LEFT          3792 frames (229s)
[VP-infer 120/316] VR_yaw_-8_all                    3792 frames (229s)
[VP-infer 121/316] VR_yaw_-4_CAM_FRONT_RIGHT        3792 frames (227s)
[VP-infer 122/316] VR_yaw_-4_CAM_BACK               3792 frames (227s)
[VP-infer 123/316] VR_yaw_-4_CAM_BACK_RIGHT         3792 frames (229s)
[VP-infer 124/316] VR_yaw_+4_CAM_FRONT              3792 frames (153s)
[VP-infer 125/316] VR_yaw_+4_CAM_FRONT_LEFT         3792 frames (231s)
[VP-infer 126/316] VR_yaw_+4_CAM_BACK_LEFT          3792 frames (228s)
[VP-infer 127/316] VR_yaw_+4_all                    3792 frames (235s)
[VP-infer 128/316] VR_yaw_+8_CAM_FRONT_RIGHT        3792 frames (231s)
[VP-infer 129/316] VR_yaw_+8_CAM_BACK               3792 frames (232s)
[VP-infer 130/316] VR_yaw_+8_CAM_BACK_RIGHT         3792 frames (145s)
[VP-infer 131/316] VR_yaw_+12_CAM_FRONT             3792 frames (238s)
[VP-infer 132/316] VR_yaw_+12_CAM_FRONT_LEFT        3792 frames (512s)
[VP-infer 133/316] VR_yaw_+12_CAM_BACK_LEFT         3792 frames (560s)
[VP-infer 134/316] VR_yaw_+12_all                   3792 frames (536s)
[VP-infer 135/316] VR_yaw_+16_CAM_FRONT_RIGHT       3792 frames (532s)
[VP-infer 136/316] VR_yaw_+16_CAM_BACK              3792 frames (390s)
[VP-infer 137/316] VR_yaw_+16_CAM_BACK_RIGHT        3792 frames (545s)
[VP-infer 138/316] VR_yaw_+20_CAM_FRONT             3792 frames (544s)
[VP-infer 139/316] VR_yaw_+20_CAM_FRONT_LEFT        3792 frames (544s)
[VP-infer 140/316] VR_yaw_+20_CAM_BACK_LEFT         3792 frames (474s)
[VP-infer 141/316] VR_yaw_+20_all                   3792 frames (536s)
[VP-infer 142/316] VR_pitch_-20_CAM_FRONT_RIGHT     3792 frames (543s)
[VP-infer 143/316] VR_pitch_-20_CAM_BACK            3792 frames (522s)
[VP-infer 144/316] VR_pitch_-20_CAM_BACK_RIGHT      3792 frames (536s)
[VP-infer 145/316] VR_pitch_-16_CAM_FRONT           3792 frames (455s)
[VP-infer 146/316] VR_pitch_-16_CAM_FRONT_LEFT      3792 frames (530s)
[VP-infer 147/316] VR_pitch_-16_CAM_BACK_LEFT       3792 frames (567s)
[VP-infer 148/316] VR_pitch_-16_all                 3792 frames (475s)
[VP-infer 149/316] VR_pitch_-12_CAM_FRONT_RIGHT     3792 frames (484s)
[VP-infer 150/316] VR_pitch_-12_CAM_BACK            3792 frames (531s)
[VP-infer 151/316] VR_pitch_-12_CAM_BACK_RIGHT      3792 frames (511s)
[VP-infer 152/316] VR_pitch_-8_CAM_FRONT            3792 frames (531s)
[VP-infer 153/316] VR_pitch_-8_CAM_FRONT_LEFT       3792 frames (535s)
[VP-infer 154/316] VR_pitch_-8_CAM_BACK_LEFT        3792 frames (462s)
[VP-infer 155/316] VR_pitch_-8_all                  3792 frames (502s)
[VP-infer 156/316] VR_pitch_-4_CAM_FRONT_RIGHT      3792 frames (551s)
[VP-infer 157/316] VR_pitch_-4_CAM_BACK             3792 frames (546s)
[VP-infer 158/316] VR_pitch_-4_CAM_BACK_RIGHT       3792 frames (473s)
[VP-infer 159/316] VR_pitch_+4_CAM_FRONT            3792 frames (535s)
[VP-infer 160/316] VR_pitch_+4_CAM_FRONT_LEFT       3792 frames (537s)
[VP-infer 161/316] VR_pitch_+4_CAM_BACK_LEFT        3792 frames (543s)
[VP-infer 162/316] VR_pitch_+4_all                  3792 frames (505s)
[VP-infer 163/316] VR_pitch_+8_CAM_FRONT_RIGHT      3792 frames (482s)
[VP-infer 164/316] VR_pitch_+8_CAM_BACK             3792 frames (539s)
[VP-infer 165/316] VR_pitch_+8_CAM_BACK_RIGHT       3792 frames (551s)
[VP-infer 166/316] VR_pitch_+12_CAM_FRONT           3792 frames (542s)
[VP-infer 167/316] VR_pitch_+12_CAM_FRONT_LEFT      3792 frames (472s)
[VP-infer 168/316] VR_pitch_+12_CAM_BACK_LEFT       3792 frames (548s)
[VP-infer 169/316] VR_pitch_+12_all                 3792 frames (565s)
[VP-infer 170/316] VR_pitch_+16_CAM_FRONT_RIGHT     3792 frames (545s)
[VP-infer 171/316] VR_pitch_+16_CAM_BACK            3792 frames (487s)
[VP-infer 172/316] VR_pitch_+16_CAM_BACK_RIGHT      3792 frames (517s)
[VP-infer 173/316] VR_pitch_+20_CAM_FRONT           3792 frames (546s)
[VP-infer 174/316] VR_pitch_+20_CAM_FRONT_LEFT      3792 frames (550s)
